Traceback (most recent call last):
  File "/home/ratwranglers/ece449_project/photo_trigger.py", line 7, in <module>
    from lightweightml import detect_animal
  File "/home/ratwranglers/ece449_project/lightweightml.py", line 3, in <module>
    import cv2
ModuleNotFoundError: No module named 'cv2'
Traceback (most recent call last):
  File "/home/ratwranglers/ece449_project/photo_trigger.py", line 7, in <module>
    from lightweightml import detect_animal
  File "/home/ratwranglers/ece449_project/lightweightml.py", line 3, in <module>
    import cv2
ModuleNotFoundError: No module named 'cv2'
Traceback (most recent call last):
  File "/home/ratwranglers/ece449_project/photo_trigger.py", line 7, in <module>
    from lightweightml import detect_animal
  File "/home/ratwranglers/ece449_project/lightweightml.py", line 4, in <module>
    from ultralytics import YOLO
ModuleNotFoundError: No module named 'ultralytics'
Creating new Ultralytics Settings v0.0.6 file ✅ 
View Ultralytics Settings with 'yolo settings' or at '/home/ratwranglers/.config/Ultralytics/settings.json'
Update Settings with 'yolo settings key=value', i.e. 'yolo settings runs_dir=path/to/dir'. For help see https://docs.ultralytics.com/quickstart/#ultralytics-settings.

image 1/1 /home/ratwranglers/ece449_project/test_photosphoto_26_20251122_020642.jpg: 576x1024 (no detections), 2581.6ms
Speed: 69.2ms preprocess, 2581.6ms inference, 35.8ms postprocess per image at shape (1, 3, 576, 1024)

image 1/1 /home/ratwranglers/ece449_project/test_photosphoto_16_20251122_020703.jpg: 576x1024 (no detections), 2323.3ms
Speed: 36.6ms preprocess, 2323.3ms inference, 8.0ms postprocess per image at shape (1, 3, 576, 1024)

image 1/1 /home/ratwranglers/ece449_project/test_photosphoto_20_20251122_020720.jpg: 576x1024 (no detections), 2306.9ms
Speed: 40.9ms preprocess, 2306.9ms inference, 8.3ms postprocess per image at shape (1, 3, 576, 1024)

image 1/1 /home/ratwranglers/ece449_project/test_photosphoto_21_20251122_020736.jpg: 576x1024 (no detections), 2255.0ms
Speed: 36.9ms preprocess, 2255.0ms inference, 8.5ms postprocess per image at shape (1, 3, 576, 1024)

image 1/1 /home/ratwranglers/ece449_project/test_photosphoto_20_20251122_021027.jpg: 576x1024 1 raccoon, 2270.5ms
Speed: 37.0ms preprocess, 2270.5ms inference, 49.1ms postprocess per image at shape (1, 3, 576, 1024)

image 1/1 /home/ratwranglers/ece449_project/test_photosphoto_20_20251122_022214.jpg: 576x1024 1 raccoon, 5277.5ms
Speed: 118.5ms preprocess, 5277.5ms inference, 82.4ms postprocess per image at shape (1, 3, 576, 1024)
Traceback (most recent call last):
  File "/home/ratwranglers/ece449_project/photo_trigger.py", line 11, in <module>
    with open("/media/usb/logs/cronlog.txt", "a") as f:
         ~~~~^^^^^^^^^^^^^^^^^^^^^^^^^^^^^^^^^^^^
FileNotFoundError: [Errno 2] No such file or directory: '/media/usb/logs/cronlog.txt'
